// Jest Snapshot v1, https://goo.gl/fbAQLP

exports[`/_twilio/ POST / Receive SMS 1`] = `
Object {
  "entities": Object {},
}
`;

exports[`/api/sentReminders POST / retrieve sent reminder 1`] = `
Object {
  "entities": Object {},
}
`;
