// Jest Snapshot v1, https://goo.gl/fbAQLP

exports[`/api/revenue GET / retrieve total revenue for a date in the future 1`] = `
Object {
  "data": Object {
    "2020-07-17T05:59:59.999Z": 0,
    "2020-07-18T05:59:59.999Z": 0,
    "2020-07-21T05:59:59.999Z": 0,
    "2020-07-22T05:59:59.999Z": 0,
    "2020-07-24T05:59:59.999Z": 0,
    "2020-07-25T05:59:59.999Z": 0,
    "2020-07-28T05:59:59.999Z": 0,
    "2020-07-29T05:59:59.999Z": 0,
    "2020-07-31T05:59:59.999Z": 0,
    "2020-08-01T05:59:59.999Z": 0,
    "2020-08-04T05:59:59.999Z": 0,
    "2020-08-05T05:59:59.999Z": 100,
    "average": 8.333333333333334,
  },
}
`;

exports[`/api/revenue GET / retrieve total revenue for a date in the past 1`] = `
Object {
  "data": Object {
    "2016-07-19T05:59:59.999Z": 0,
    "2016-07-20T05:59:59.999Z": 0,
    "2016-07-22T05:59:59.999Z": 0,
    "2016-07-23T05:59:59.999Z": 0,
    "2016-07-26T05:59:59.999Z": 0,
    "2016-07-27T05:59:59.999Z": 0,
    "2016-07-29T05:59:59.999Z": 0,
    "2016-07-30T05:59:59.999Z": 0,
    "2016-08-02T05:59:59.999Z": 0,
    "2016-08-03T05:59:59.999Z": 0,
    "2016-08-05T05:59:59.999Z": 1000,
    "2016-08-06T05:59:59.999Z": 1000,
    "average": 166.66666666666666,
  },
}
`;

exports[`/api/revenue GET / retrieve total revenue for the current day 1`] = `
Object {
  "data": 1400,
}
`;
