// Jest Snapshot v1, https://goo.gl/fbAQLP

exports[`/api/syncClientControl POST / /runSync - trigger the sync 1`] = `Object {}`;
