// Jest Snapshot v1, https://goo.gl/fbAQLP

exports[`/api/users GET / /me - retrieve user from token 1`] = `
Object {
  "accountId": "62954241-3652-4792-bae5-5bfed53d37b7",
  "enterprise": Object {
    "createdAt": "2017-07-19T00:14:30.932Z",
    "id": "c5ab9bc0-f0e6-4538-99ae-2fe7f920abf4",
    "name": "Test Enterprise",
    "plan": "GROWTH",
  },
  "enterpriseId": "c5ab9bc0-f0e6-4538-99ae-2fe7f920abf4",
  "entities": Object {},
  "role": "MANAGER",
  "user": Object {
    "firstName": "Harvey",
    "id": "6668f250-e8c9-46e3-bfff-0249f1eec6b8",
    "lastName": "Dentest",
    "username": "manager@test.com",
  },
  "userId": "6668f250-e8c9-46e3-bfff-0249f1eec6b8",
}
`;
