// Jest Snapshot v1, https://goo.gl/fbAQLP

exports[`models/AuthSession Data Validation should be able to save a AuthSession without id provided 1`] = `
Object {
  "accountId": null,
  "enterpriseId": null,
  "modelId": "ef3c578f-c228-4a25-8388-90ee9a0c9eb4",
  "permissions": null,
  "role": null,
}
`;
