// Jest Snapshot v1, https://goo.gl/fbAQLP

exports[`models/Invite Data Validation should be able to save a Invite without id provided 1`] = `
Object {
  "accountId": "62954241-3652-4792-bae5-5bfed53d37b7",
  "email": "test@test.test",
  "enterpriseId": "c5ab9bc0-f0e6-4538-99ae-2fe7f920abf4",
  "sendingUserId": "5668f250-e8c9-46e3-bfff-0249f1eec6b8",
  "token": null,
}
`;
