// Jest Snapshot v1, https://goo.gl/fbAQLP

exports[`models/Patient Data Validation should be able to save a Patient without id provided 1`] = `
Object {
  "accountId": "62954241-3652-4792-bae5-5bfed53d37b7",
  "address": null,
  "birthDate": null,
  "email": "justin@carecru.com",
  "familyId": null,
  "firstName": "Justin",
  "gender": null,
  "homePhoneNumber": null,
  "insurance": null,
  "isDeleted": false,
  "isSyncedWithPms": false,
  "language": null,
  "lastName": "Sharp",
  "middleName": null,
  "mobilePhoneNumber": "+18887774444",
  "otherPhoneNumber": null,
  "patientUserId": null,
  "phoneNumber": null,
  "pmsId": null,
  "prefName": null,
  "prefPhoneNumber": null,
  "preferences": Object {
    "afternoon": true,
    "birthdayMessage": true,
    "emailNotifications": true,
    "evening": true,
    "morning": true,
    "newsletter": true,
    "phone": true,
    "reminders": true,
    "sms": true,
    "weekdays": true,
    "weekends": true,
  },
  "status": "Active",
  "type": null,
  "workPhoneNumber": null,
}
`;
