// Jest Snapshot v1, https://goo.gl/fbAQLP

exports[`models/Reminder Data Validation should be able to save a Reminder without id provided 1`] = `
Object {
  "accountId": "62954241-3652-4792-bae5-5bfed53d37b7",
  "lengthSeconds": 7200,
  "primaryType": "sms",
}
`;
